---
title: k3s(k8s)更换本地挂载目录的操作
---

## 背景

本地电脑有两块磁盘，一个 ssd 一个机械硬盘。
目前 Linux 系统在机械硬盘，想要把 k8s 的宿主机挂载切换位置存储

## 查看本机挂载情况

```bash
lsblk

NAME   MAJ:MIN RM   SIZE RO TYPE MOUNTPOINTS
sda      8:0    0 931.5G  0 disk
                                 /
sdb      8:16   0 447.1G  0 disk
```

可以观察到上述的磁盘 sda 为机械硬盘大小是 1T sdb 为 500GB 的 ssd

## 格式化磁盘

```bash
sudo mkfs.ext4 /dev/sda

mke2fs 1.47.0 (5-Feb-2023)
/dev/sdb contains a ext4 file system
	last mounted on Mon Sep 23 15:22:12 2024
Proceed anyway? (y,N) y
Discarding device blocks: done
Creating filesystem with 117212886 4k blocks and 29310976 inodes
Filesystem UUID: ffcb2f75-205e-49bd-8c67-17b0b9f64617
Superblock backups stored on blocks:
	32768, 98304, 163840, 229376, 294912, 819200, 884736, 1605632, 2654208,
	4096000, 7962624, 11239424, 20480000, 23887872, 71663616, 78675968,
	102400000

Allocating group tables: done
Writing inode tables: done
Creating journal (262144 blocks): done
Writing superblocks and filesystem accounting information: done
```

## 创建目录和挂载

```bash
mkdir -p /var/lib/rancher/k3s/ssd-storage
sudo mount /dev/sdb /var/lib/rancher/k3s/ssd-storage/
```

## 修改local-path-provisioner的存储位置

```bash
kubectl get cm -A | rg local

kube-system       local-path-config                                      4      44d

```

修改 config.json

```json
{
  "nodePathMap": [
    {
      "node": "DEFAULT_PATH_FOR_NON_LISTED_NODES",
      "paths": [
        "/var/lib/rancher/k3s/ssd-storage"
      ]
    }
  ]
}
```

## 参考文档

[格式化磁盘和挂载](https://github.com/rancher/local-path-provisioner/issues/232)

[磁盘信息查看](https://github.com/rancher/local-path-provisioner/issues/232)

[修改默认存储路径](https://github.com/rancher/local-path-provisioner/issues/232)





